[2026-05-08T06:00:09.483Z] === Skill Directory Update Started ===
[2026-05-08T06:00:09.487Z] Previous skill count: 311
[2026-05-08T06:00:09.487Z] Step 1: Scraping skills.sh...
[2026-05-08T06:00:09.487Z] Running: node scripts/scrape-skills-sh.js --limit=300
[2026-05-08T06:00:26.942Z] Step 2: Scraping clawdhub.com...
[2026-05-08T06:00:26.943Z] Running: node scripts/scrape-clawdhub.js
[2026-05-08T06:05:25.875Z] === Skill Directory Update Started ===
[2026-05-08T06:05:25.878Z] Previous skill count: 311
[2026-05-08T06:05:25.878Z] Step 1: Scraping skills.sh...
[2026-05-08T06:05:25.878Z] Running: node scripts/scrape-skills-sh.js --limit=300
[2026-05-08T06:05:43.296Z] Step 2: Scraping clawdhub.com...
[2026-05-08T06:05:43.296Z] Running: node scripts/scrape-clawdhub.js
[2026-05-08T06:10:43.360Z] Error: spawnSync /bin/sh ETIMEDOUT
[2026-05-08T06:10:43.360Z] Step 3: Transforming data...
[2026-05-08T06:10:43.361Z] Running: node scripts/transform.js
[2026-05-08T06:10:43.422Z] New skill count: 316 (+5)
[2026-05-08T06:10:43.422Z] Step 4: Updating STATUS.md...
[2026-05-08T06:10:43.422Z] Step 5: Committing and pushing...
[2026-05-08T06:10:43.422Z] Running: git add .
[2026-05-08T06:10:43.444Z] Running: git commit -m "chore: auto-update skills data (316 total, +5)" || true
[2026-05-08T06:10:43.516Z] Running: git push origin main
[2026-05-08T06:10:44.721Z] Pushed to GitHub - Vercel will auto-deploy
[2026-05-08T06:10:44.722Z] Step 6: Sending notification...
[2026-05-08T06:10:44.723Z] === Skill Directory Update Completed ===
