[2026-06-13T06:00:18.662Z] === Skill Directory Update Started ===
[2026-06-13T06:00:18.666Z] Previous skill count: 323
[2026-06-13T06:00:18.666Z] Step 1: Scraping skills.sh...
[2026-06-13T06:00:18.666Z] Running: node scripts/scrape-skills-sh.js --limit=300
[2026-06-13T06:00:37.564Z] Step 2: Scraping clawdhub.com...
[2026-06-13T06:00:37.564Z] Running: timeout 300s node scripts/scrape-clawdhub.js
[2026-06-13T06:05:30.464Z] === Skill Directory Update Started ===
[2026-06-13T06:05:30.468Z] Previous skill count: 323
[2026-06-13T06:05:30.468Z] Step 1: Scraping skills.sh...
[2026-06-13T06:05:30.469Z] Running: node scripts/scrape-skills-sh.js --limit=300
[2026-06-13T06:05:49.327Z] Step 2: Scraping clawdhub.com...
[2026-06-13T06:05:49.328Z] Running: timeout 300s node scripts/scrape-clawdhub.js
[2026-06-13T06:10:49.378Z] Error: Command failed: timeout 300s node scripts/scrape-clawdhub.js
[clawdhub] Error during scrape: Protocol error (Runtime.callFunctionOn): Target closed
[clawdhub] Found 0 skills; preserving previous clawdhub.json

[2026-06-13T06:10:49.378Z] Step 3: Transforming data...
[2026-06-13T06:10:49.379Z] Running: node scripts/transform.js
[2026-06-13T06:10:49.431Z] New skill count: 323 (0)
[2026-06-13T06:10:49.432Z] Step 4: Updating STATUS.md...
[2026-06-13T06:10:49.432Z] Step 5: Committing and pushing...
[2026-06-13T06:10:49.432Z] Running: git add .
