[2026-06-07T06:00:15.726Z] === Skill Directory Update Started ===
[2026-06-07T06:00:15.730Z] Previous skill count: 327
[2026-06-07T06:00:15.730Z] Step 1: Scraping skills.sh...
[2026-06-07T06:00:15.730Z] Running: node scripts/scrape-skills-sh.js --limit=300
[2026-06-07T06:00:34.492Z] Step 2: Scraping clawdhub.com...
[2026-06-07T06:00:34.493Z] Running: node scripts/scrape-clawdhub.js
[2026-06-07T06:06:06.514Z] === Skill Directory Update Started ===
[2026-06-07T06:06:06.518Z] Previous skill count: 327
[2026-06-07T06:06:06.519Z] Step 1: Scraping skills.sh...
[2026-06-07T06:06:06.519Z] Running: node scripts/scrape-skills-sh.js --limit=300
[2026-06-07T06:06:25.326Z] Step 2: Scraping clawdhub.com...
[2026-06-07T06:06:25.327Z] Running: node scripts/scrape-clawdhub.js
[2026-06-07T06:08:30.848Z] === Skill Directory Update Started ===
[2026-06-07T06:08:30.851Z] Previous skill count: 327
[2026-06-07T06:08:30.851Z] Step 1: Scraping skills.sh...
[2026-06-07T06:08:30.851Z] Running: node scripts/scrape-skills-sh.js --limit=300
[2026-06-07T06:08:49.531Z] Step 2: Scraping clawdhub.com...
[2026-06-07T06:08:49.532Z] Running: timeout 300s node scripts/scrape-clawdhub.js
[2026-06-07T06:10:10.519Z] Step 3: Transforming data...
[2026-06-07T06:10:10.520Z] Running: node scripts/transform.js
[2026-06-07T06:10:10.575Z] New skill count: 318 (-9)
[2026-06-07T06:10:10.576Z] Step 4: Updating STATUS.md...
[2026-06-07T06:10:10.577Z] Step 5: Committing and pushing...
[2026-06-07T06:10:10.577Z] Running: git add .
