[2026-04-09T06:00:26.553Z] === Skill Directory Update Started ===
[2026-04-09T06:00:26.558Z] Previous skill count: 308
[2026-04-09T06:00:26.558Z] Step 1: Scraping skills.sh...
[2026-04-09T06:00:26.559Z] Running: node scripts/scrape-skills-sh.js --limit=300
[2026-04-09T06:00:43.837Z] Step 2: Scraping clawdhub.com...
[2026-04-09T06:00:43.837Z] Running: node scripts/scrape-clawdhub.js
[2026-04-09T06:02:39.302Z] === Skill Directory Update Started ===
[2026-04-09T06:02:39.307Z] Previous skill count: 308
[2026-04-09T06:02:39.307Z] Step 1: Scraping skills.sh...
[2026-04-09T06:02:39.308Z] Running: node scripts/scrape-skills-sh.js --limit=300
[2026-04-09T06:02:55.990Z] Step 2: Scraping clawdhub.com...
[2026-04-09T06:02:55.990Z] Running: node scripts/scrape-clawdhub.js
[2026-04-09T06:07:56.092Z] Error: spawnSync /bin/sh ETIMEDOUT
[2026-04-09T06:07:56.093Z] Step 3: Transforming data...
[2026-04-09T06:07:56.093Z] Running: node scripts/transform.js
[2026-04-09T06:07:56.210Z] New skill count: 321 (+13)
[2026-04-09T06:07:56.211Z] Step 4: Updating STATUS.md...
[2026-04-09T06:07:56.216Z] Step 5: Committing and pushing...
[2026-04-09T06:07:56.218Z] Running: git add .
[2026-04-09T06:07:56.337Z] Running: git commit -m "chore: auto-update skills data (321 total, +13)" || true
[2026-04-09T06:07:56.450Z] Running: git push origin main
[2026-04-09T06:07:56.915Z] Error: Command failed: git push origin main
[2026-04-09T06:07:56.916Z] Pushed to GitHub - Vercel will auto-deploy
[2026-04-09T06:07:56.916Z] Step 6: Sending notification...
[2026-04-09T06:07:56.916Z] === Skill Directory Update Completed ===
