[2026-05-21T06:00:13.704Z] === Skill Directory Update Started ===
[2026-05-21T06:00:13.708Z] Previous skill count: 312
[2026-05-21T06:00:13.709Z] Step 1: Scraping skills.sh...
[2026-05-21T06:00:13.709Z] Running: node scripts/scrape-skills-sh.js --limit=300
[2026-05-21T06:00:32.405Z] Step 2: Scraping clawdhub.com...
[2026-05-21T06:00:32.407Z] Running: node scripts/scrape-clawdhub.js
[2026-05-21T06:05:28.993Z] === Skill Directory Update Started ===
[2026-05-21T06:05:29.002Z] Previous skill count: 312
[2026-05-21T06:05:29.003Z] Step 1: Scraping skills.sh...
[2026-05-21T06:05:29.004Z] Running: node scripts/scrape-skills-sh.js --limit=300
[2026-05-21T06:05:47.191Z] Step 2: Scraping clawdhub.com...
[2026-05-21T06:05:47.191Z] Running: node scripts/scrape-clawdhub.js
[2026-05-21T06:10:47.294Z] Error: spawnSync /bin/sh ETIMEDOUT
[2026-05-21T06:10:47.301Z] Step 3: Transforming data...
[2026-05-21T06:10:47.302Z] Running: node scripts/transform.js
[2026-05-21T06:10:47.453Z] New skill count: 308 (-4)
[2026-05-21T06:10:47.458Z] Step 4: Updating STATUS.md...
[2026-05-21T06:10:47.458Z] Step 5: Committing and pushing...
[2026-05-21T06:10:47.459Z] Running: git add .
[2026-05-21T06:10:47.500Z] Running: git commit -m "chore: auto-update skills data (308 total, -4)" || true
[2026-05-21T06:10:47.674Z] Running: git push origin main
[2026-05-21T06:10:49.060Z] Pushed to GitHub - Vercel will auto-deploy
[2026-05-21T06:10:49.060Z] Step 6: Sending notification...
[2026-05-21T06:10:49.062Z] === Skill Directory Update Completed ===
