[2026-05-19T06:00:12.267Z] === Skill Directory Update Started ===
[2026-05-19T06:00:12.273Z] Previous skill count: 310
[2026-05-19T06:00:12.274Z] Step 1: Scraping skills.sh...
[2026-05-19T06:00:12.274Z] Running: node scripts/scrape-skills-sh.js --limit=300
[2026-05-19T06:00:29.640Z] Step 2: Scraping clawdhub.com...
[2026-05-19T06:00:29.640Z] Running: node scripts/scrape-clawdhub.js
[2026-05-19T06:05:19.709Z] === Skill Directory Update Started ===
[2026-05-19T06:05:19.712Z] Previous skill count: 310
[2026-05-19T06:05:19.712Z] Step 1: Scraping skills.sh...
[2026-05-19T06:05:19.712Z] Running: node scripts/scrape-skills-sh.js --limit=300
[2026-05-19T06:05:36.874Z] Step 2: Scraping clawdhub.com...
[2026-05-19T06:05:36.876Z] Running: node scripts/scrape-clawdhub.js
[2026-05-19T06:07:20.043Z] Error: Command failed: node scripts/scrape-clawdhub.js
[clawdhub] Error during scrape: Attempted to use detached Frame 'F474C234E5991B7126C9D6C3EA24B0E2'.

[2026-05-19T06:07:20.043Z] Step 3: Transforming data...
[2026-05-19T06:07:20.043Z] Running: node scripts/transform.js
[2026-05-19T06:07:20.105Z] New skill count: 307 (-3)
[2026-05-19T06:07:20.106Z] Step 4: Updating STATUS.md...
[2026-05-19T06:07:20.106Z] Step 5: Committing and pushing...
[2026-05-19T06:07:20.106Z] Running: git add .
[2026-05-19T06:07:20.120Z] Running: git commit -m "chore: auto-update skills data (307 total, -3)" || true
[2026-05-19T06:07:20.173Z] Running: git push origin main
[2026-05-19T06:07:21.451Z] Pushed to GitHub - Vercel will auto-deploy
[2026-05-19T06:07:21.452Z] Step 6: Sending notification...
[2026-05-19T06:07:21.452Z] === Skill Directory Update Completed ===
