[2026-05-04T06:00:13.813Z] === Skill Directory Update Started ===
[2026-05-04T06:00:13.829Z] Previous skill count: 315
[2026-05-04T06:00:13.829Z] Step 1: Scraping skills.sh...
[2026-05-04T06:00:13.830Z] Running: node scripts/scrape-skills-sh.js --limit=300
[2026-05-04T06:00:33.783Z] Step 2: Scraping clawdhub.com...
[2026-05-04T06:00:33.783Z] Running: node scripts/scrape-clawdhub.js
[2026-05-04T06:05:21.311Z] === Skill Directory Update Started ===
[2026-05-04T06:05:21.315Z] Previous skill count: 315
[2026-05-04T06:05:21.315Z] Step 1: Scraping skills.sh...
[2026-05-04T06:05:21.316Z] Running: node scripts/scrape-skills-sh.js --limit=300
[2026-05-04T06:05:37.927Z] Step 2: Scraping clawdhub.com...
[2026-05-04T06:05:37.928Z] Running: node scripts/scrape-clawdhub.js
[2026-05-04T06:10:38.028Z] Error: spawnSync /bin/sh ETIMEDOUT
[2026-05-04T06:10:38.028Z] Step 3: Transforming data...
[2026-05-04T06:10:38.028Z] Running: node scripts/transform.js
[2026-05-04T06:10:38.090Z] New skill count: 312 (-3)
[2026-05-04T06:10:38.090Z] Step 4: Updating STATUS.md...
[2026-05-04T06:10:38.090Z] Step 5: Committing and pushing...
[2026-05-04T06:10:38.090Z] Running: git add .
[2026-05-04T06:10:38.127Z] Running: git commit -m "chore: auto-update skills data (312 total, -3)" || true
[2026-05-04T06:10:38.242Z] Running: git push origin main
[2026-05-04T06:10:39.518Z] Pushed to GitHub - Vercel will auto-deploy
[2026-05-04T06:10:39.519Z] Step 6: Sending notification...
[2026-05-04T06:10:39.519Z] === Skill Directory Update Completed ===
