[2026-06-10T06:00:12.334Z] === Skill Directory Update Started ===
[2026-06-10T06:00:12.337Z] Previous skill count: 315
[2026-06-10T06:00:12.337Z] Step 1: Scraping skills.sh...
[2026-06-10T06:00:12.338Z] Running: node scripts/scrape-skills-sh.js --limit=300
[2026-06-10T06:00:31.221Z] Step 2: Scraping clawdhub.com...
[2026-06-10T06:00:31.221Z] Running: timeout 300s node scripts/scrape-clawdhub.js
[2026-06-10T06:05:29.478Z] === Skill Directory Update Started ===
[2026-06-10T06:05:29.482Z] Previous skill count: 315
[2026-06-10T06:05:29.482Z] Step 1: Scraping skills.sh...
[2026-06-10T06:05:29.482Z] Running: node scripts/scrape-skills-sh.js --limit=300
[2026-06-10T06:05:48.271Z] Step 2: Scraping clawdhub.com...
[2026-06-10T06:05:48.272Z] Running: timeout 300s node scripts/scrape-clawdhub.js
[2026-06-10T06:10:48.324Z] Error: Command failed: timeout 300s node scripts/scrape-clawdhub.js
[clawdhub] Error during scrape: Protocol error (Runtime.callFunctionOn): Target closed
[clawdhub] Found 0 skills; preserving previous clawdhub.json

[2026-06-10T06:10:48.324Z] Step 3: Transforming data...
[2026-06-10T06:10:48.324Z] Running: node scripts/transform.js
[2026-06-10T06:10:48.380Z] New skill count: 327 (+12)
[2026-06-10T06:10:48.380Z] Step 4: Updating STATUS.md...
[2026-06-10T06:10:48.381Z] Step 5: Committing and pushing...
[2026-06-10T06:10:48.381Z] Running: git add .
