[2026-06-02T06:00:12.849Z] === Skill Directory Update Started ===
[2026-06-02T06:00:12.854Z] Previous skill count: 319
[2026-06-02T06:00:12.854Z] Step 1: Scraping skills.sh...
[2026-06-02T06:00:12.854Z] Running: node scripts/scrape-skills-sh.js --limit=300
[2026-06-02T06:00:31.668Z] Step 2: Scraping clawdhub.com...
[2026-06-02T06:00:31.668Z] Running: node scripts/scrape-clawdhub.js
[2026-06-02T06:05:16.418Z] === Skill Directory Update Started ===
[2026-06-02T06:05:16.421Z] Previous skill count: 319
[2026-06-02T06:05:16.422Z] Step 1: Scraping skills.sh...
[2026-06-02T06:05:16.422Z] Running: node scripts/scrape-skills-sh.js --limit=300
[2026-06-02T06:05:35.006Z] Step 2: Scraping clawdhub.com...
[2026-06-02T06:05:35.007Z] Running: node scripts/scrape-clawdhub.js
[2026-06-02T06:10:35.076Z] Error: spawnSync /bin/sh ETIMEDOUT
[2026-06-02T06:10:35.077Z] Step 3: Transforming data...
[2026-06-02T06:10:35.077Z] Running: node scripts/transform.js
[2026-06-02T06:10:35.132Z] New skill count: 323 (+4)
[2026-06-02T06:10:35.132Z] Step 4: Updating STATUS.md...
[2026-06-02T06:10:35.133Z] Step 5: Committing and pushing...
[2026-06-02T06:10:35.133Z] Running: git add .
[2026-06-02T06:10:35.150Z] Running: git commit -m "chore: auto-update skills data (323 total, +4)" || true
[2026-06-02T06:10:35.201Z] Running: git push origin main
[2026-06-02T06:10:36.257Z] Pushed to GitHub - Vercel will auto-deploy
[2026-06-02T06:10:36.257Z] Step 6: Sending notification...
[2026-06-02T06:10:36.257Z] === Skill Directory Update Completed ===
