[2026-05-18T06:00:18.963Z] === Skill Directory Update Started ===
[2026-05-18T06:00:18.968Z] Previous skill count: 308
[2026-05-18T06:00:18.968Z] Step 1: Scraping skills.sh...
[2026-05-18T06:00:18.968Z] Running: node scripts/scrape-skills-sh.js --limit=300
[2026-05-18T06:00:36.396Z] Step 2: Scraping clawdhub.com...
[2026-05-18T06:00:36.396Z] Running: node scripts/scrape-clawdhub.js
[2026-05-18T06:05:22.745Z] === Skill Directory Update Started ===
[2026-05-18T06:05:22.749Z] Previous skill count: 308
[2026-05-18T06:05:22.749Z] Step 1: Scraping skills.sh...
[2026-05-18T06:05:22.750Z] Running: node scripts/scrape-skills-sh.js --limit=300
[2026-05-18T06:05:39.879Z] Step 2: Scraping clawdhub.com...
[2026-05-18T06:05:39.880Z] Running: node scripts/scrape-clawdhub.js
[2026-05-18T06:10:34.473Z] Error: Command failed: node scripts/scrape-clawdhub.js
[clawdhub] Error during scrape: Attempted to use detached Frame '9B7D67E7FCACC7C2B5AD6B1487015EC1'.

[2026-05-18T06:10:34.474Z] Step 3: Transforming data...
[2026-05-18T06:10:34.474Z] Running: node scripts/transform.js
[2026-05-18T06:10:34.529Z] New skill count: 310 (+2)
[2026-05-18T06:10:34.529Z] Step 4: Updating STATUS.md...
[2026-05-18T06:10:34.530Z] Step 5: Committing and pushing...
[2026-05-18T06:10:34.530Z] Running: git add .
[2026-05-18T06:10:34.549Z] Running: git commit -m "chore: auto-update skills data (310 total, +2)" || true
[2026-05-18T06:10:34.597Z] Running: git push origin main
[2026-05-18T06:10:35.732Z] Pushed to GitHub - Vercel will auto-deploy
[2026-05-18T06:10:35.732Z] Step 6: Sending notification...
[2026-05-18T06:10:35.732Z] === Skill Directory Update Completed ===
