[2026-03-22T06:00:04.774Z] === Skill Directory Update Started ===
[2026-03-22T06:00:04.779Z] Previous skill count: 311
[2026-03-22T06:00:04.779Z] Step 1: Scraping skills.sh...
[2026-03-22T06:00:04.780Z] Running: node scripts/scrape-skills-sh.js --limit=300
[2026-03-22T06:00:22.287Z] Step 2: Scraping clawdhub.com...
[2026-03-22T06:00:22.288Z] Running: node scripts/scrape-clawdhub.js
[2026-03-22T06:02:14.872Z] === Skill Directory Update Started ===
[2026-03-22T06:02:14.877Z] Previous skill count: 311
[2026-03-22T06:02:14.877Z] Step 1: Scraping skills.sh...
[2026-03-22T06:02:14.877Z] Running: node scripts/scrape-skills-sh.js --limit=300
[2026-03-22T06:02:31.348Z] Step 2: Scraping clawdhub.com...
[2026-03-22T06:02:31.349Z] Running: node scripts/scrape-clawdhub.js
[2026-03-22T06:05:41.470Z] === Skill Directory Update Started ===
[2026-03-22T06:05:41.474Z] Previous skill count: 311
[2026-03-22T06:05:41.474Z] Step 1: Scraping skills.sh...
[2026-03-22T06:05:41.474Z] Running: node scripts/scrape-skills-sh.js --limit=300
[2026-03-22T06:05:58.002Z] Step 2: Scraping clawdhub.com...
[2026-03-22T06:05:58.002Z] Running: node scripts/scrape-clawdhub.js
[2026-03-22T06:08:59.285Z] === Skill Directory Update Started ===
[2026-03-22T06:08:59.289Z] Previous skill count: 311
[2026-03-22T06:08:59.289Z] Step 1: Scraping skills.sh...
[2026-03-22T06:08:59.290Z] Running: node scripts/scrape-skills-sh.js --limit=300
[2026-03-22T06:09:15.936Z] Step 2: Scraping clawdhub.com...
[2026-03-22T06:09:15.936Z] Running: node scripts/scrape-clawdhub.js
