[2026-06-11T06:00:14.835Z] === Skill Directory Update Started ===
[2026-06-11T06:00:14.839Z] Previous skill count: 327
[2026-06-11T06:00:14.839Z] Step 1: Scraping skills.sh...
[2026-06-11T06:00:14.839Z] Running: node scripts/scrape-skills-sh.js --limit=300
[2026-06-11T06:00:33.756Z] Step 2: Scraping clawdhub.com...
[2026-06-11T06:00:33.756Z] Running: timeout 300s node scripts/scrape-clawdhub.js
[2026-06-11T06:05:20.066Z] === Skill Directory Update Started ===
[2026-06-11T06:05:20.071Z] Previous skill count: 327
[2026-06-11T06:05:20.071Z] Step 1: Scraping skills.sh...
[2026-06-11T06:05:20.071Z] Running: node scripts/scrape-skills-sh.js --limit=300
[2026-06-11T06:05:38.626Z] Step 2: Scraping clawdhub.com...
[2026-06-11T06:05:38.626Z] Running: timeout 300s node scripts/scrape-clawdhub.js
[2026-06-11T06:10:38.891Z] Error: Command failed: timeout 300s node scripts/scrape-clawdhub.js
[clawdhub] Error during scrape: Attempted to use detached Frame '55987ECA340FCA925BA9532027A6FD5C'.
[clawdhub] Found 0 skills; preserving previous clawdhub.json

[2026-06-11T06:10:38.891Z] Step 3: Transforming data...
[2026-06-11T06:10:38.892Z] Running: node scripts/transform.js
[2026-06-11T06:10:38.959Z] New skill count: 319 (-8)
[2026-06-11T06:10:38.960Z] Step 4: Updating STATUS.md...
[2026-06-11T06:10:38.960Z] Step 5: Committing and pushing...
[2026-06-11T06:10:38.960Z] Running: git add .
[2026-06-11T06:10:38.975Z] Running: git commit -m "chore: auto-update skills data (319 total, -8)" || true
[2026-06-11T06:10:39.010Z] Running: git push origin main
[2026-06-11T06:10:40.100Z] Pushed to GitHub - Vercel will auto-deploy
[2026-06-11T06:10:40.100Z] Step 6: Sending notification...
[2026-06-11T06:10:40.100Z] === Skill Directory Update Completed ===
