[2026-02-26T06:00:04.918Z] === Skill Directory Update Started ===
[2026-02-26T06:00:04.922Z] Previous skill count: 330
[2026-02-26T06:00:04.922Z] Step 1: Scraping skills.sh...
[2026-02-26T06:00:04.922Z] Running: node scripts/scrape-skills-sh.js --limit=300
[2026-02-26T06:00:21.554Z] Step 2: Scraping clawdhub.com...
[2026-02-26T06:00:21.555Z] Running: node scripts/scrape-clawdhub.js
[2026-02-26T06:02:16.219Z] === Skill Directory Update Started ===
[2026-02-26T06:02:16.223Z] Previous skill count: 330
[2026-02-26T06:02:16.223Z] Step 1: Scraping skills.sh...
[2026-02-26T06:02:16.223Z] Running: node scripts/scrape-skills-sh.js --limit=300
[2026-02-26T06:02:32.721Z] Step 2: Scraping clawdhub.com...
[2026-02-26T06:02:32.721Z] Running: node scripts/scrape-clawdhub.js
[2026-02-26T06:03:28.397Z] Step 3: Transforming data...
[2026-02-26T06:03:28.398Z] Running: node scripts/transform.js
[2026-02-26T06:03:28.474Z] New skill count: 453 (+123)
[2026-02-26T06:03:28.474Z] Step 4: Updating STATUS.md...
[2026-02-26T06:03:28.476Z] Step 5: Committing and pushing...
[2026-02-26T06:03:28.476Z] Running: git add .
[2026-02-26T06:03:28.515Z] Running: git commit -m "chore: auto-update skills data (453 total, +123)" || true
[2026-02-26T06:03:28.590Z] Running: git push origin main
[2026-02-26T06:03:29.469Z] Pushed to GitHub - Vercel will auto-deploy
[2026-02-26T06:03:29.469Z] Step 6: Sending notification...
[2026-02-26T06:03:29.469Z] === Skill Directory Update Completed ===
