[2026-06-12T06:00:13.879Z] === Skill Directory Update Started ===
[2026-06-12T06:00:13.884Z] Previous skill count: 319
[2026-06-12T06:00:13.884Z] Step 1: Scraping skills.sh...
[2026-06-12T06:00:13.885Z] Running: node scripts/scrape-skills-sh.js --limit=300
[2026-06-12T06:00:32.658Z] Step 2: Scraping clawdhub.com...
[2026-06-12T06:00:32.659Z] Running: timeout 300s node scripts/scrape-clawdhub.js
[2026-06-12T06:05:24.553Z] === Skill Directory Update Started ===
[2026-06-12T06:05:24.558Z] Previous skill count: 319
[2026-06-12T06:05:24.558Z] Step 1: Scraping skills.sh...
[2026-06-12T06:05:24.558Z] Running: node scripts/scrape-skills-sh.js --limit=300
[2026-06-12T06:05:43.616Z] Step 2: Scraping clawdhub.com...
[2026-06-12T06:05:43.617Z] Running: timeout 300s node scripts/scrape-clawdhub.js
[2026-06-12T06:10:43.667Z] Error: Command failed: timeout 300s node scripts/scrape-clawdhub.js
[clawdhub] Error during scrape: Protocol error (Runtime.callFunctionOn): Target closed
[clawdhub] Found 0 skills; preserving previous clawdhub.json

[2026-06-12T06:10:43.667Z] Step 3: Transforming data...
[2026-06-12T06:10:43.668Z] Running: node scripts/transform.js
[2026-06-12T06:10:43.729Z] New skill count: 323 (+4)
[2026-06-12T06:10:43.729Z] Step 4: Updating STATUS.md...
[2026-06-12T06:10:43.730Z] Step 5: Committing and pushing...
[2026-06-12T06:10:43.730Z] Running: git add .
