[2026-03-14T06:00:16.436Z] === Skill Directory Update Started ===
[2026-03-14T06:00:16.441Z] Previous skill count: 312
[2026-03-14T06:00:16.441Z] Step 1: Scraping skills.sh...
[2026-03-14T06:00:16.441Z] Running: node scripts/scrape-skills-sh.js --limit=300
[2026-03-14T06:00:33.360Z] Step 2: Scraping clawdhub.com...
[2026-03-14T06:00:33.360Z] Running: node scripts/scrape-clawdhub.js
[2026-03-14T06:02:32.171Z] === Skill Directory Update Started ===
[2026-03-14T06:02:32.175Z] Previous skill count: 312
[2026-03-14T06:02:32.175Z] Step 1: Scraping skills.sh...
[2026-03-14T06:02:32.175Z] Running: node scripts/scrape-skills-sh.js --limit=300
[2026-03-14T06:02:48.770Z] Step 2: Scraping clawdhub.com...
[2026-03-14T06:02:48.771Z] Running: node scripts/scrape-clawdhub.js
[2026-03-14T06:07:48.872Z] Error: spawnSync /bin/sh ETIMEDOUT
[2026-03-14T06:07:48.872Z] Step 3: Transforming data...
[2026-03-14T06:07:48.872Z] Running: node scripts/transform.js
[2026-03-14T06:07:48.929Z] New skill count: 311 (-1)
[2026-03-14T06:07:48.929Z] Step 4: Updating STATUS.md...
[2026-03-14T06:07:48.929Z] Step 5: Committing and pushing...
[2026-03-14T06:07:48.929Z] Running: git add .
[2026-03-14T06:07:48.948Z] Running: git commit -m "chore: auto-update skills data (311 total, -1)" || true
[2026-03-14T06:07:48.992Z] Running: git push origin main
[2026-03-14T06:07:49.558Z] Pushed to GitHub - Vercel will auto-deploy
[2026-03-14T06:07:49.558Z] Step 6: Sending notification...
[2026-03-14T06:07:49.558Z] === Skill Directory Update Completed ===
