[2026-06-03T06:00:08.916Z] === Skill Directory Update Started ===
[2026-06-03T06:00:08.921Z] Previous skill count: 323
[2026-06-03T06:00:08.921Z] Step 1: Scraping skills.sh...
[2026-06-03T06:00:08.921Z] Running: node scripts/scrape-skills-sh.js --limit=300
[2026-06-03T06:00:28.201Z] Step 2: Scraping clawdhub.com...
[2026-06-03T06:00:28.202Z] Running: node scripts/scrape-clawdhub.js
[2026-06-03T06:05:18.521Z] === Skill Directory Update Started ===
[2026-06-03T06:05:18.524Z] Previous skill count: 323
[2026-06-03T06:05:18.525Z] Step 1: Scraping skills.sh...
[2026-06-03T06:05:18.525Z] Running: node scripts/scrape-skills-sh.js --limit=300
[2026-06-03T06:05:37.252Z] Step 2: Scraping clawdhub.com...
[2026-06-03T06:05:37.253Z] Running: node scripts/scrape-clawdhub.js
[2026-06-03T06:10:37.353Z] Error: spawnSync /bin/sh ETIMEDOUT
[2026-06-03T06:10:37.354Z] Step 3: Transforming data...
[2026-06-03T06:10:37.354Z] Running: node scripts/transform.js
[2026-06-03T06:10:37.410Z] New skill count: 324 (+1)
[2026-06-03T06:10:37.410Z] Step 4: Updating STATUS.md...
[2026-06-03T06:10:37.410Z] Step 5: Committing and pushing...
[2026-06-03T06:10:37.410Z] Running: git add .
[2026-06-03T06:10:37.428Z] Running: git commit -m "chore: auto-update skills data (324 total, +1)" || true
[2026-06-03T06:10:37.487Z] Running: git push origin main
[2026-06-03T06:10:38.637Z] Pushed to GitHub - Vercel will auto-deploy
[2026-06-03T06:10:38.637Z] Step 6: Sending notification...
[2026-06-03T06:10:38.638Z] === Skill Directory Update Completed ===
